2026-09-26 11:52:35,751 - mztrain - INFO - [MZTrain] Modelo factorizado: 1 capas reemplazadas, 0 omitidas (< 4096 params)
2026-09-26 11:52:36,926 - mztrain - INFO - [MZTrain Precision] Nivel: standard (solicitado: standard), Device: cuda, SM: 89, FP8: si, BF16: si
2026-09-26 11:52:36,926 - mztrain - INFO - [MZTrain] ========== MODELO FACTORIZADO ==========
  Capas factorizadas:     1
  Params totales:         17,104
  Params (si full):       30,880
  Ahorro en pesos:        44.6%
  Rango actual:           48
  Device:                 cuda
  AMP:                    False
  Optimizer compress:     True
  Grad compression:       none
  =============================================
2026-09-26 11:52:36,926 - mztrain - INFO - [MZTrain] Iniciando entrenamiento: 80 epochs, rank 48 -> 48
2026-09-26 11:52:37,248 - mztrain - INFO - [MZTrain] Epoch 0/80: train_loss=109.765393, val_loss=18.027067, rank=48, time=0.3s, mem=17MB
2026-09-26 11:52:37,363 - mztrain - INFO - [MZTrain] Epoch 1/80: train_loss=4.345239, val_loss=0.675161, rank=48, time=0.1s, mem=17MB
2026-09-26 11:52:37,477 - mztrain - INFO - [MZTrain] Epoch 2/80: train_loss=0.387446, val_loss=0.226986, rank=48, time=0.1s, mem=17MB
2026-09-26 11:52:37,589 - mztrain - INFO - [MZTrain] Epoch 3/80: train_loss=0.206403, val_loss=0.189501, rank=48, time=0.1s, mem=17MB
2026-09-26 11:52:37,704 - mztrain - INFO - [MZTrain] Epoch 4/80: train_loss=0.171832, val_loss=0.161653, rank=48, time=0.1s, mem=17MB
2026-09-26 11:52:37,816 - mztrain - INFO - [MZTrain] Epoch 5/80: train_loss=0.148960, val_loss=0.147989, rank=48, time=0.1s, mem=17MB
2026-09-26 11:52:37,927 - mztrain - INFO - [MZTrain] Epoch 6/80: train_loss=0.135616, val_loss=0.140005, rank=48, time=0.1s, mem=17MB
2026-09-26 11:52:38,042 - mztrain - INFO - [MZTrain] Epoch 7/80: train_loss=0.108407, val_loss=0.086118, rank=48, time=0.1s, mem=17MB
2026-09-26 11:52:38,153 - mztrain - INFO - [MZTrain] Epoch 8/80: train_loss=0.086768, val_loss=0.075236, rank=48, time=0.1s, mem=17MB
2026-09-26 11:52:38,267 - mztrain - INFO - [MZTrain] Epoch 9/80: train_loss=0.071632, val_loss=0.066400, rank=48, time=0.1s, mem=17MB
2026-09-26 11:52:38,380 - mztrain - INFO - [MZTrain] Epoch 10/80: train_loss=0.066040, val_loss=0.057661, rank=48, time=0.1s, mem=17MB
2026-09-26 11:52:38,492 - mztrain - INFO - [MZTrain] Epoch 11/80: train_loss=0.054697, val_loss=0.054311, rank=48, time=0.1s, mem=17MB
2026-09-26 11:52:38,606 - mztrain - INFO - [MZTrain] Epoch 12/80: train_loss=0.046959, val_loss=0.044931, rank=48, time=0.1s, mem=17MB
2026-09-26 11:52:38,718 - mztrain - INFO - [MZTrain] Epoch 13/80: train_loss=0.040051, val_loss=0.041889, rank=48, time=0.1s, mem=17MB
2026-09-26 11:52:38,831 - mztrain - INFO - [MZTrain] Epoch 14/80: train_loss=0.046638, val_loss=0.047268, rank=48, time=0.1s, mem=17MB
2026-09-26 11:52:38,944 - mztrain - INFO - [MZTrain] Epoch 15/80: train_loss=0.051027, val_loss=0.056707, rank=48, time=0.1s, mem=17MB
2026-09-26 11:52:39,054 - mztrain - INFO - [MZTrain] Epoch 16/80: train_loss=0.053546, val_loss=0.055590, rank=48, time=0.1s, mem=17MB
2026-09-26 11:52:39,168 - mztrain - INFO - [MZTrain] Epoch 17/80: train_loss=0.053225, val_loss=0.055324, rank=48, time=0.1s, mem=17MB
2026-09-26 11:52:39,281 - mztrain - INFO - [MZTrain] Epoch 18/80: train_loss=0.059908, val_loss=0.060392, rank=48, time=0.1s, mem=17MB
2026-09-26 11:52:39,408 - mztrain - INFO - [MZTrain] Epoch 19/80: train_loss=0.073468, val_loss=0.081906, rank=48, time=0.1s, mem=17MB
2026-09-26 11:52:39,523 - mztrain - INFO - [MZTrain] Epoch 20/80: train_loss=0.081290, val_loss=0.086904, rank=48, time=0.1s, mem=17MB
2026-09-26 11:52:39,634 - mztrain - INFO - [MZTrain] Epoch 21/80: train_loss=0.094330, val_loss=0.092350, rank=48, time=0.1s, mem=17MB
2026-09-26 11:52:39,748 - mztrain - INFO - [MZTrain] Epoch 22/80: train_loss=0.082372, val_loss=0.069532, rank=48, time=0.1s, mem=17MB
2026-09-26 11:52:39,859 - mztrain - INFO - [MZTrain] Epoch 23/80: train_loss=0.073636, val_loss=0.068326, rank=48, time=0.1s, mem=17MB
2026-09-26 11:52:39,972 - mztrain - INFO - [MZTrain] Epoch 24/80: train_loss=0.068761, val_loss=0.074950, rank=48, time=0.1s, mem=17MB
2026-09-26 11:52:40,083 - mztrain - INFO - [MZTrain] Epoch 25/80: train_loss=0.079334, val_loss=0.077164, rank=48, time=0.1s, mem=17MB
2026-09-26 11:52:40,195 - mztrain - INFO - [MZTrain] Epoch 26/80: train_loss=0.086148, val_loss=0.088547, rank=48, time=0.1s, mem=17MB
2026-09-26 11:52:40,309 - mztrain - INFO - [MZTrain] Epoch 27/80: train_loss=0.078163, val_loss=0.076208, rank=48, time=0.1s, mem=17MB
2026-09-26 11:52:40,421 - mztrain - INFO - [MZTrain] Epoch 28/80: train_loss=0.072800, val_loss=0.065700, rank=48, time=0.1s, mem=17MB
2026-09-26 11:52:40,535 - mztrain - INFO - [MZTrain] Epoch 29/80: train_loss=0.059063, val_loss=0.040084, rank=48, time=0.1s, mem=17MB
2026-09-26 11:52:40,647 - mztrain - INFO - [MZTrain] Epoch 30/80: train_loss=0.040385, val_loss=0.041898, rank=48, time=0.1s, mem=17MB
2026-09-26 11:52:40,758 - mztrain - INFO - [MZTrain] Epoch 31/80: train_loss=0.036168, val_loss=0.031786, rank=48, time=0.1s, mem=17MB
2026-09-26 11:52:40,872 - mztrain - INFO - [MZTrain] Epoch 32/80: train_loss=0.030247, val_loss=0.025812, rank=48, time=0.1s, mem=17MB
2026-09-26 11:52:40,987 - mztrain - INFO - [MZTrain] Epoch 33/80: train_loss=0.024032, val_loss=0.020547, rank=48, time=0.1s, mem=17MB
2026-09-26 11:52:41,100 - mztrain - INFO - [MZTrain] Epoch 34/80: train_loss=0.021464, val_loss=0.020795, rank=48, time=0.1s, mem=17MB
2026-09-26 11:52:41,214 - mztrain - INFO - [MZTrain] Epoch 35/80: train_loss=0.019048, val_loss=0.019674, rank=48, time=0.1s, mem=17MB
2026-09-26 11:52:41,329 - mztrain - INFO - [MZTrain] Epoch 36/80: train_loss=0.019983, val_loss=0.024088, rank=48, time=0.1s, mem=17MB
2026-09-26 11:52:41,444 - mztrain - INFO - [MZTrain] Epoch 37/80: train_loss=0.024184, val_loss=0.027872, rank=48, time=0.1s, mem=17MB
2026-09-26 11:52:41,568 - mztrain - INFO - [MZTrain] Epoch 38/80: train_loss=0.030683, val_loss=0.035297, rank=48, time=0.1s, mem=17MB
2026-09-26 11:52:41,684 - mztrain - INFO - [MZTrain] Epoch 39/80: train_loss=0.039793, val_loss=0.046042, rank=48, time=0.1s, mem=17MB
2026-09-26 11:52:41,797 - mztrain - INFO - [MZTrain] Epoch 40/80: train_loss=0.048819, val_loss=0.047857, rank=48, time=0.1s, mem=17MB
2026-09-26 11:52:41,908 - mztrain - INFO - [MZTrain] Epoch 41/80: train_loss=0.044080, val_loss=0.038736, rank=48, time=0.1s, mem=17MB
2026-09-26 11:52:42,023 - mztrain - INFO - [MZTrain] Epoch 42/80: train_loss=0.035976, val_loss=0.035255, rank=48, time=0.1s, mem=17MB
2026-09-26 11:52:42,135 - mztrain - INFO - [MZTrain] Epoch 43/80: train_loss=0.038108, val_loss=0.048655, rank=48, time=0.1s, mem=17MB
2026-09-26 11:52:42,249 - mztrain - INFO - [MZTrain] Epoch 44/80: train_loss=0.048623, val_loss=0.046314, rank=48, time=0.1s, mem=17MB
2026-09-26 11:52:42,361 - mztrain - INFO - [MZTrain] Epoch 45/80: train_loss=0.051231, val_loss=0.048759, rank=48, time=0.1s, mem=17MB
2026-09-26 11:52:42,471 - mztrain - INFO - [MZTrain] Epoch 46/80: train_loss=0.047975, val_loss=0.047918, rank=48, time=0.1s, mem=17MB
2026-09-26 11:52:42,586 - mztrain - INFO - [MZTrain] Epoch 47/80: train_loss=0.053290, val_loss=0.054201, rank=48, time=0.1s, mem=17MB
2026-09-26 11:52:42,699 - mztrain - INFO - [MZTrain] Epoch 48/80: train_loss=0.056156, val_loss=0.053963, rank=48, time=0.1s, mem=17MB
2026-09-26 11:52:42,812 - mztrain - INFO - [MZTrain] Epoch 49/80: train_loss=0.052484, val_loss=0.048471, rank=48, time=0.1s, mem=17MB
2026-09-26 11:52:42,924 - mztrain - INFO - [MZTrain] Epoch 50/80: train_loss=0.052676, val_loss=0.052409, rank=48, time=0.1s, mem=17MB
2026-09-26 11:52:43,036 - mztrain - INFO - [MZTrain] Epoch 51/80: train_loss=0.060582, val_loss=0.066046, rank=48, time=0.1s, mem=17MB
2026-09-26 11:52:43,149 - mztrain - INFO - [MZTrain] Epoch 52/80: train_loss=0.064043, val_loss=0.067376, rank=48, time=0.1s, mem=17MB
2026-09-26 11:52:43,261 - mztrain - INFO - [MZTrain] Epoch 53/80: train_loss=0.058433, val_loss=0.053715, rank=48, time=0.1s, mem=17MB
2026-09-26 11:52:43,373 - mztrain - INFO - [MZTrain] Epoch 54/80: train_loss=0.053737, val_loss=0.043113, rank=48, time=0.1s, mem=17MB
2026-09-26 11:52:43,485 - mztrain - INFO - [MZTrain] Epoch 55/80: train_loss=0.042924, val_loss=0.039619, rank=48, time=0.1s, mem=17MB
2026-09-26 11:52:43,599 - mztrain - INFO - [MZTrain] Epoch 56/80: train_loss=0.037736, val_loss=0.035274, rank=48, time=0.1s, mem=17MB
2026-09-26 11:52:43,713 - mztrain - INFO - [MZTrain] Epoch 57/80: train_loss=0.038884, val_loss=0.041347, rank=48, time=0.1s, mem=17MB
2026-09-26 11:52:43,833 - mztrain - INFO - [MZTrain] Epoch 58/80: train_loss=0.038768, val_loss=0.040340, rank=48, time=0.1s, mem=17MB
2026-09-26 11:52:43,946 - mztrain - INFO - [MZTrain] Epoch 59/80: train_loss=0.038015, val_loss=0.034408, rank=48, time=0.1s, mem=17MB
2026-09-26 11:52:44,058 - mztrain - INFO - [MZTrain] Epoch 60/80: train_loss=0.031183, val_loss=0.027354, rank=48, time=0.1s, mem=17MB
2026-09-26 11:52:44,171 - mztrain - INFO - [MZTrain] Epoch 61/80: train_loss=0.029508, val_loss=0.031431, rank=48, time=0.1s, mem=17MB
2026-09-26 11:52:44,286 - mztrain - INFO - [MZTrain] Epoch 62/80: train_loss=0.027967, val_loss=0.023275, rank=48, time=0.1s, mem=17MB
2026-09-26 11:52:44,397 - mztrain - INFO - [MZTrain] Epoch 63/80: train_loss=0.022681, val_loss=0.018587, rank=48, time=0.1s, mem=17MB
2026-09-26 11:52:44,510 - mztrain - INFO - [MZTrain] Epoch 64/80: train_loss=0.018842, val_loss=0.018302, rank=48, time=0.1s, mem=17MB
2026-09-26 11:52:44,623 - mztrain - INFO - [MZTrain] Epoch 65/80: train_loss=0.018917, val_loss=0.025937, rank=48, time=0.1s, mem=17MB
2026-09-26 11:52:44,733 - mztrain - INFO - [MZTrain] Epoch 66/80: train_loss=0.021746, val_loss=0.020829, rank=48, time=0.1s, mem=17MB
2026-09-26 11:52:44,846 - mztrain - INFO - [MZTrain] Epoch 67/80: train_loss=0.021851, val_loss=0.020453, rank=48, time=0.1s, mem=17MB
2026-09-26 11:52:44,957 - mztrain - INFO - [MZTrain] Epoch 68/80: train_loss=0.024786, val_loss=0.031204, rank=48, time=0.1s, mem=17MB
2026-09-26 11:52:45,069 - mztrain - INFO - [MZTrain] Epoch 69/80: train_loss=0.029571, val_loss=0.029172, rank=48, time=0.1s, mem=17MB
2026-09-26 11:52:45,184 - mztrain - INFO - [MZTrain] Epoch 70/80: train_loss=0.031511, val_loss=0.036773, rank=48, time=0.1s, mem=17MB
2026-09-26 11:52:45,294 - mztrain - INFO - [MZTrain] Epoch 71/80: train_loss=0.038275, val_loss=0.042709, rank=48, time=0.1s, mem=17MB
2026-09-26 11:52:45,406 - mztrain - INFO - [MZTrain] Epoch 72/80: train_loss=0.044574, val_loss=0.052124, rank=48, time=0.1s, mem=17MB
2026-09-26 11:52:45,517 - mztrain - INFO - [MZTrain] Epoch 73/80: train_loss=0.047046, val_loss=0.045239, rank=48, time=0.1s, mem=17MB
2026-09-26 11:52:45,630 - mztrain - INFO - [MZTrain] Epoch 74/80: train_loss=0.050271, val_loss=0.051106, rank=48, time=0.1s, mem=17MB
2026-09-26 11:52:45,746 - mztrain - INFO - [MZTrain] Epoch 75/80: train_loss=0.050784, val_loss=0.049589, rank=48, time=0.1s, mem=17MB
2026-09-26 11:52:45,858 - mztrain - INFO - [MZTrain] Epoch 76/80: train_loss=0.048547, val_loss=0.048979, rank=48, time=0.1s, mem=17MB
2026-09-26 11:52:45,980 - mztrain - INFO - [MZTrain] Epoch 77/80: train_loss=0.049942, val_loss=0.049965, rank=48, time=0.1s, mem=17MB
2026-09-26 11:52:46,094 - mztrain - INFO - [MZTrain] Epoch 78/80: train_loss=0.048234, val_loss=0.047529, rank=48, time=0.1s, mem=17MB
2026-09-26 11:52:46,209 - mztrain - INFO - [MZTrain] Epoch 79/80: train_loss=0.047683, val_loss=0.042210, rank=48, time=0.1s, mem=17MB
2026-09-26 11:52:46,209 - mztrain - INFO - [MZTrain] ========== ENTRENAMIENTO COMPLETO ==========
  Tiempo total:           9.3s (0.2min)
  Mejor loss:             0.018302
  Rango final:            48
  Epochs completados:     80
  Optimizer memory:       {'total_params': 4, 'compressed_params': 4, 'state_memory_mb': 0.0346832275390625, 'full_memory_mb': 0.1304931640625, 'memory_saved_pct': 73.42142188961647, 'step_count': 2560}
  =================================================
2026-09-26 11:52:46,258 - mztrain - INFO - [MZTrain] Modelo factorizado: 1 capas reemplazadas, 0 omitidas (< 4096 params)
2026-09-26 11:52:46,259 - mztrain - INFO - [MZTrain Precision] Nivel: standard (solicitado: standard), Device: cuda, SM: 89, FP8: si, BF16: si
2026-09-26 11:52:46,259 - mztrain - INFO - [MZTrain] ========== MODELO FACTORIZADO ==========
  Capas factorizadas:     1
  Params totales:         17,104
  Params (si full):       30,880
  Ahorro en pesos:        44.6%
  Rango actual:           48
  Device:                 cuda
  AMP:                    False
  Optimizer compress:     True
  Grad compression:       none
  =============================================
2026-09-26 11:52:46,260 - mztrain - INFO - [MZTrain] Iniciando entrenamiento: 80 epochs, rank 48 -> 48
2026-09-26 11:52:46,602 - mztrain - INFO - [MZTrain] Epoch 0/80: train_loss=110.297355, val_loss=18.060607, rank=48, time=0.3s, mem=21MB
2026-09-26 11:52:46,729 - mztrain - INFO - [MZTrain] Epoch 1/80: train_loss=4.402545, val_loss=0.678335, rank=48, time=0.1s, mem=17MB
2026-09-26 11:52:46,858 - mztrain - INFO - [MZTrain] Epoch 2/80: train_loss=0.383574, val_loss=0.230454, rank=48, time=0.1s, mem=17MB
2026-09-26 11:52:46,988 - mztrain - INFO - [MZTrain] Epoch 3/80: train_loss=0.196696, val_loss=0.185648, rank=48, time=0.1s, mem=17MB
2026-09-26 11:52:47,118 - mztrain - INFO - [MZTrain] Epoch 4/80: train_loss=0.170586, val_loss=0.158328, rank=48, time=0.1s, mem=17MB
2026-09-26 11:52:47,246 - mztrain - INFO - [MZTrain] Epoch 5/80: train_loss=0.160906, val_loss=0.149581, rank=48, time=0.1s, mem=17MB
2026-09-26 11:52:47,376 - mztrain - INFO - [MZTrain] Epoch 6/80: train_loss=0.123235, val_loss=0.103390, rank=48, time=0.1s, mem=17MB
2026-09-26 11:52:47,509 - mztrain - INFO - [MZTrain] Epoch 7/80: train_loss=0.090171, val_loss=0.073974, rank=48, time=0.1s, mem=17MB
2026-09-26 11:52:47,638 - mztrain - INFO - [MZTrain] Epoch 8/80: train_loss=0.069084, val_loss=0.059678, rank=48, time=0.1s, mem=17MB
2026-09-26 11:52:47,768 - mztrain - INFO - [MZTrain] Epoch 9/80: train_loss=0.060263, val_loss=0.063265, rank=48, time=0.1s, mem=17MB
2026-09-26 11:52:47,897 - mztrain - INFO - [MZTrain] Epoch 10/80: train_loss=0.063495, val_loss=0.066001, rank=48, time=0.1s, mem=17MB
2026-09-26 11:52:48,021 - mztrain - INFO - [MZTrain] Epoch 11/80: train_loss=0.067412, val_loss=0.065124, rank=48, time=0.1s, mem=17MB
2026-09-26 11:52:48,159 - mztrain - INFO - [MZTrain] Epoch 12/80: train_loss=0.068756, val_loss=0.075423, rank=48, time=0.1s, mem=17MB
2026-09-26 11:52:48,292 - mztrain - INFO - [MZTrain] Epoch 13/80: train_loss=0.071047, val_loss=0.069310, rank=48, time=0.1s, mem=17MB
2026-09-26 11:52:48,424 - mztrain - INFO - [MZTrain] Epoch 14/80: train_loss=0.068460, val_loss=0.064424, rank=48, time=0.1s, mem=17MB
2026-09-26 11:52:48,552 - mztrain - INFO - [MZTrain] Epoch 15/80: train_loss=0.065941, val_loss=0.062770, rank=48, time=0.1s, mem=17MB
2026-09-26 11:52:48,678 - mztrain - INFO - [MZTrain] Epoch 16/80: train_loss=0.062896, val_loss=0.068238, rank=48, time=0.1s, mem=17MB
2026-09-26 11:52:48,805 - mztrain - INFO - [MZTrain] Epoch 17/80: train_loss=0.068102, val_loss=0.066009, rank=48, time=0.1s, mem=17MB
2026-09-26 11:52:48,933 - mztrain - INFO - [MZTrain] Epoch 18/80: train_loss=0.070984, val_loss=0.072546, rank=48, time=0.1s, mem=17MB
2026-09-26 11:52:49,062 - mztrain - INFO - [MZTrain] Epoch 19/80: train_loss=0.074744, val_loss=0.076998, rank=48, time=0.1s, mem=17MB
2026-09-26 11:52:49,190 - mztrain - INFO - [MZTrain] Epoch 20/80: train_loss=0.070228, val_loss=0.066980, rank=48, time=0.1s, mem=17MB
2026-09-26 11:52:49,318 - mztrain - INFO - [MZTrain] Epoch 21/80: train_loss=0.060237, val_loss=0.062275, rank=48, time=0.1s, mem=17MB
2026-09-26 11:52:49,451 - mztrain - INFO - [MZTrain] Epoch 22/80: train_loss=0.050265, val_loss=0.046225, rank=48, time=0.1s, mem=17MB
2026-09-26 11:52:49,585 - mztrain - INFO - [MZTrain] Epoch 23/80: train_loss=0.044216, val_loss=0.044969, rank=48, time=0.1s, mem=17MB
2026-09-26 11:52:49,716 - mztrain - INFO - [MZTrain] Epoch 24/80: train_loss=0.040083, val_loss=0.036072, rank=48, time=0.1s, mem=17MB
2026-09-26 11:52:49,843 - mztrain - INFO - [MZTrain] Epoch 25/80: train_loss=0.035623, val_loss=0.039459, rank=48, time=0.1s, mem=17MB
2026-09-26 11:52:49,979 - mztrain - INFO - [MZTrain] Epoch 26/80: train_loss=0.041704, val_loss=0.047309, rank=48, time=0.1s, mem=17MB
2026-09-26 11:52:50,109 - mztrain - INFO - [MZTrain] Epoch 27/80: train_loss=0.047199, val_loss=0.045871, rank=48, time=0.1s, mem=17MB
2026-09-26 11:52:50,236 - mztrain - INFO - [MZTrain] Epoch 28/80: train_loss=0.049367, val_loss=0.050922, rank=48, time=0.1s, mem=17MB
2026-09-26 11:52:50,371 - mztrain - INFO - [MZTrain] Epoch 29/80: train_loss=0.052575, val_loss=0.051525, rank=48, time=0.1s, mem=17MB
2026-09-26 11:52:50,502 - mztrain - INFO - [MZTrain] Epoch 30/80: train_loss=0.054176, val_loss=0.055535, rank=48, time=0.1s, mem=17MB
2026-09-26 11:52:50,629 - mztrain - INFO - [MZTrain] Epoch 31/80: train_loss=0.061172, val_loss=0.060494, rank=48, time=0.1s, mem=17MB
2026-09-26 11:52:50,756 - mztrain - INFO - [MZTrain] Epoch 32/80: train_loss=0.057166, val_loss=0.055707, rank=48, time=0.1s, mem=17MB
2026-09-26 11:52:50,880 - mztrain - INFO - [MZTrain] Epoch 33/80: train_loss=0.053824, val_loss=0.051733, rank=48, time=0.1s, mem=17MB
2026-09-26 11:52:51,010 - mztrain - INFO - [MZTrain] Epoch 34/80: train_loss=0.048352, val_loss=0.051427, rank=48, time=0.1s, mem=17MB
2026-09-26 11:52:51,136 - mztrain - INFO - [MZTrain] Epoch 35/80: train_loss=0.050379, val_loss=0.054008, rank=48, time=0.1s, mem=17MB
2026-09-26 11:52:51,262 - mztrain - INFO - [MZTrain] Epoch 36/80: train_loss=0.048497, val_loss=0.045747, rank=48, time=0.1s, mem=17MB
2026-09-26 11:52:51,389 - mztrain - INFO - [MZTrain] Epoch 37/80: train_loss=0.043982, val_loss=0.041174, rank=48, time=0.1s, mem=17MB
2026-09-26 11:52:51,515 - mztrain - INFO - [MZTrain] Epoch 38/80: train_loss=0.045272, val_loss=0.050051, rank=48, time=0.1s, mem=17MB
2026-09-26 11:52:51,645 - mztrain - INFO - [MZTrain] Epoch 39/80: train_loss=0.045619, val_loss=0.046219, rank=48, time=0.1s, mem=17MB
2026-09-26 11:52:51,770 - mztrain - INFO - [MZTrain] Epoch 40/80: train_loss=0.044111, val_loss=0.046199, rank=48, time=0.1s, mem=17MB
2026-09-26 11:52:51,896 - mztrain - INFO - [MZTrain] Epoch 41/80: train_loss=0.044963, val_loss=0.050687, rank=48, time=0.1s, mem=17MB
2026-09-26 11:52:52,025 - mztrain - INFO - [MZTrain] Epoch 42/80: train_loss=0.052812, val_loss=0.059245, rank=48, time=0.1s, mem=17MB
2026-09-26 11:52:52,150 - mztrain - INFO - [MZTrain] Epoch 43/80: train_loss=0.053641, val_loss=0.048888, rank=48, time=0.1s, mem=17MB
2026-09-26 11:52:52,276 - mztrain - INFO - [MZTrain] Epoch 44/80: train_loss=0.050971, val_loss=0.042090, rank=48, time=0.1s, mem=17MB
2026-09-26 11:52:52,406 - mztrain - INFO - [MZTrain] Epoch 45/80: train_loss=0.046588, val_loss=0.049473, rank=48, time=0.1s, mem=17MB
2026-09-26 11:52:52,531 - mztrain - INFO - [MZTrain] Epoch 46/80: train_loss=0.050812, val_loss=0.056410, rank=48, time=0.1s, mem=17MB
2026-09-26 11:52:52,671 - mztrain - INFO - [MZTrain] Epoch 47/80: train_loss=0.059463, val_loss=0.060769, rank=48, time=0.1s, mem=17MB
2026-09-26 11:52:52,795 - mztrain - INFO - [MZTrain] Epoch 48/80: train_loss=0.047302, val_loss=0.040470, rank=48, time=0.1s, mem=17MB
2026-09-26 11:52:52,923 - mztrain - INFO - [MZTrain] Epoch 49/80: train_loss=0.040196, val_loss=0.037319, rank=48, time=0.1s, mem=17MB
2026-09-26 11:52:53,048 - mztrain - INFO - [MZTrain] Epoch 50/80: train_loss=0.037028, val_loss=0.035519, rank=48, time=0.1s, mem=17MB
2026-09-26 11:52:53,174 - mztrain - INFO - [MZTrain] Epoch 51/80: train_loss=0.038561, val_loss=0.035979, rank=48, time=0.1s, mem=17MB
2026-09-26 11:52:53,303 - mztrain - INFO - [MZTrain] Epoch 52/80: train_loss=0.033190, val_loss=0.032888, rank=48, time=0.1s, mem=17MB
2026-09-26 11:52:53,426 - mztrain - INFO - [MZTrain] Epoch 53/80: train_loss=0.027600, val_loss=0.023626, rank=48, time=0.1s, mem=17MB
2026-09-26 11:52:53,554 - mztrain - INFO - [MZTrain] Epoch 54/80: train_loss=0.021780, val_loss=0.021191, rank=48, time=0.1s, mem=17MB
2026-09-26 11:52:53,681 - mztrain - INFO - [MZTrain] Epoch 55/80: train_loss=0.019916, val_loss=0.023195, rank=48, time=0.1s, mem=17MB
2026-09-26 11:52:53,807 - mztrain - INFO - [MZTrain] Epoch 56/80: train_loss=0.022014, val_loss=0.025847, rank=48, time=0.1s, mem=17MB
2026-09-26 11:52:53,934 - mztrain - INFO - [MZTrain] Epoch 57/80: train_loss=0.022042, val_loss=0.019619, rank=48, time=0.1s, mem=17MB
2026-09-26 11:52:54,060 - mztrain - INFO - [MZTrain] Epoch 58/80: train_loss=0.021312, val_loss=0.026006, rank=48, time=0.1s, mem=17MB
2026-09-26 11:52:54,190 - mztrain - INFO - [MZTrain] Epoch 59/80: train_loss=0.027217, val_loss=0.032278, rank=48, time=0.1s, mem=17MB
2026-09-26 11:52:54,315 - mztrain - INFO - [MZTrain] Epoch 60/80: train_loss=0.035156, val_loss=0.031963, rank=48, time=0.1s, mem=17MB
2026-09-26 11:52:54,439 - mztrain - INFO - [MZTrain] Epoch 61/80: train_loss=0.035080, val_loss=0.035214, rank=48, time=0.1s, mem=17MB
2026-09-26 11:52:54,566 - mztrain - INFO - [MZTrain] Epoch 62/80: train_loss=0.040633, val_loss=0.043913, rank=48, time=0.1s, mem=17MB
2026-09-26 11:52:54,693 - mztrain - INFO - [MZTrain] Epoch 63/80: train_loss=0.046717, val_loss=0.049402, rank=48, time=0.1s, mem=17MB
2026-09-26 11:52:54,832 - mztrain - INFO - [MZTrain] Epoch 64/80: train_loss=0.041537, val_loss=0.045970, rank=48, time=0.1s, mem=17MB
2026-09-26 11:52:54,959 - mztrain - INFO - [MZTrain] Epoch 65/80: train_loss=0.045820, val_loss=0.043347, rank=48, time=0.1s, mem=17MB
2026-09-26 11:52:55,084 - mztrain - INFO - [MZTrain] Epoch 66/80: train_loss=0.038818, val_loss=0.034981, rank=48, time=0.1s, mem=17MB
2026-09-26 11:52:55,212 - mztrain - INFO - [MZTrain] Epoch 67/80: train_loss=0.038435, val_loss=0.041931, rank=48, time=0.1s, mem=17MB
2026-09-26 11:52:55,339 - mztrain - INFO - [MZTrain] Epoch 68/80: train_loss=0.042006, val_loss=0.045952, rank=48, time=0.1s, mem=17MB
2026-09-26 11:52:55,465 - mztrain - INFO - [MZTrain] Epoch 69/80: train_loss=0.047393, val_loss=0.049057, rank=48, time=0.1s, mem=17MB
2026-09-26 11:52:55,590 - mztrain - INFO - [MZTrain] Epoch 70/80: train_loss=0.049842, val_loss=0.049404, rank=48, time=0.1s, mem=17MB
2026-09-26 11:52:55,714 - mztrain - INFO - [MZTrain] Epoch 71/80: train_loss=0.049962, val_loss=0.051938, rank=48, time=0.1s, mem=17MB
2026-09-26 11:52:55,842 - mztrain - INFO - [MZTrain] Epoch 72/80: train_loss=0.054024, val_loss=0.044037, rank=48, time=0.1s, mem=17MB
2026-09-26 11:52:55,966 - mztrain - INFO - [MZTrain] Epoch 73/80: train_loss=0.047126, val_loss=0.038368, rank=48, time=0.1s, mem=17MB
2026-09-26 11:52:56,093 - mztrain - INFO - [MZTrain] Epoch 74/80: train_loss=0.045857, val_loss=0.040869, rank=48, time=0.1s, mem=17MB
2026-09-26 11:52:56,218 - mztrain - INFO - [MZTrain] Epoch 75/80: train_loss=0.042441, val_loss=0.038005, rank=48, time=0.1s, mem=17MB
2026-09-26 11:52:56,346 - mztrain - INFO - [MZTrain] Epoch 76/80: train_loss=0.033320, val_loss=0.027290, rank=48, time=0.1s, mem=17MB
2026-09-26 11:52:56,474 - mztrain - INFO - [MZTrain] Epoch 77/80: train_loss=0.028999, val_loss=0.027258, rank=48, time=0.1s, mem=17MB
2026-09-26 11:52:56,600 - mztrain - INFO - [MZTrain] Epoch 78/80: train_loss=0.023434, val_loss=0.018412, rank=48, time=0.1s, mem=17MB
2026-09-26 11:52:56,726 - mztrain - INFO - [MZTrain] Epoch 79/80: train_loss=0.019579, val_loss=0.018434, rank=48, time=0.1s, mem=17MB
2026-09-26 11:52:56,726 - mztrain - INFO - [MZTrain] ========== ENTRENAMIENTO COMPLETO ==========
  Tiempo total:           10.5s (0.2min)
  Mejor loss:             0.018412
  Rango final:            48
  Epochs completados:     80
  Optimizer memory:       {'total_params': 4, 'compressed_params': 4, 'state_memory_mb': 0.0346832275390625, 'full_memory_mb': 0.1304931640625, 'memory_saved_pct': 73.42142188961647, 'step_count': 2560}
  =================================================
2026-09-26 11:52:56,773 - mztrain - INFO - [MZTrain] Modelo factorizado: 1 capas reemplazadas, 0 omitidas (< 4096 params)
2026-09-26 11:52:56,773 - mztrain - INFO - [MZTrain Precision] Nivel: standard (solicitado: standard), Device: cuda, SM: 89, FP8: si, BF16: si
2026-09-26 11:52:56,774 - mztrain - INFO - [MZTrain] ========== MODELO FACTORIZADO ==========
  Capas factorizadas:     1
  Params totales:         17,104
  Params (si full):       30,880
  Ahorro en pesos:        44.6%
  Rango actual:           48
  Device:                 cuda
  AMP:                    False
  Optimizer compress:     True
  Grad compression:       none
  =============================================
2026-09-26 11:52:56,775 - mztrain - INFO - [MZTrain] Iniciando entrenamiento: 80 epochs, rank 48 -> 48
2026-09-26 11:52:57,227 - mztrain - INFO - [MZTrain] Epoch 0/80: train_loss=110.297355, val_loss=18.060607, rank=48, time=0.5s, mem=21MB
2026-09-26 11:52:57,362 - mztrain - INFO - [MZTrain] Epoch 1/80: train_loss=4.402545, val_loss=0.678335, rank=48, time=0.1s, mem=17MB
2026-09-26 11:52:57,497 - mztrain - INFO - [MZTrain] Epoch 2/80: train_loss=0.383574, val_loss=0.230454, rank=48, time=0.1s, mem=17MB
2026-09-26 11:52:57,629 - mztrain - INFO - [MZTrain] Epoch 3/80: train_loss=0.196696, val_loss=0.185648, rank=48, time=0.1s, mem=17MB
2026-09-26 11:52:57,763 - mztrain - INFO - [MZTrain] Epoch 4/80: train_loss=0.170586, val_loss=0.158328, rank=48, time=0.1s, mem=17MB
2026-09-26 11:52:57,908 - mztrain - INFO - [MZTrain] Epoch 5/80: train_loss=0.161131, val_loss=0.147624, rank=48, time=0.1s, mem=17MB
2026-09-26 11:52:58,050 - mztrain - INFO - [MZTrain] Epoch 6/80: train_loss=0.118536, val_loss=0.095045, rank=48, time=0.1s, mem=17MB
2026-09-26 11:52:58,078 - mztrain - INFO - [MZTrain] ElasticRank ROLLBACK epoch 7: rel_loss_delta=3.49e+01 > 1.00e-03 -> revertido ({'layers_changed': 1, 'slept': 4, 'revived': 0, 'grown': 0, 'pruned': 0}); cooldown 3 epochs
2026-09-26 11:52:58,078 - mztrain - INFO - [MZTrain] ElasticRank epoch 7: {'layers_changed': 1, 'slept': 4, 'revived': 0, 'grown': 0, 'pruned': 0}
2026-09-26 11:52:58,227 - mztrain - INFO - [MZTrain] Epoch 7/80: train_loss=0.077213, val_loss=0.053005, rank=48, time=0.2s, mem=17MB
2026-09-26 11:52:58,372 - mztrain - INFO - [MZTrain] Epoch 8/80: train_loss=0.048398, val_loss=0.037906, rank=48, time=0.1s, mem=17MB
2026-09-26 11:52:58,517 - mztrain - INFO - [MZTrain] Epoch 9/80: train_loss=0.034155, val_loss=0.031397, rank=48, time=0.1s, mem=17MB
2026-09-26 11:52:58,661 - mztrain - INFO - [MZTrain] Epoch 10/80: train_loss=0.027302, val_loss=0.023921, rank=48, time=0.1s, mem=17MB
2026-09-26 11:52:58,681 - mztrain - INFO - [MZTrain] ElasticRank ROLLBACK epoch 11: rel_loss_delta=2.38e+02 > 1.00e-03 -> revertido ({'layers_changed': 1, 'slept': 6, 'revived': 0, 'grown': 0, 'pruned': 0}); cooldown 3 epochs
2026-09-26 11:52:58,681 - mztrain - INFO - [MZTrain] ElasticRank epoch 11: {'layers_changed': 1, 'slept': 6, 'revived': 0, 'grown': 0, 'pruned': 0}
2026-09-26 11:52:58,823 - mztrain - INFO - [MZTrain] Epoch 11/80: train_loss=0.024807, val_loss=0.024706, rank=48, time=0.2s, mem=17MB
2026-09-26 11:52:58,967 - mztrain - INFO - [MZTrain] Epoch 12/80: train_loss=0.034112, val_loss=0.038550, rank=48, time=0.1s, mem=17MB
2026-09-26 11:52:59,112 - mztrain - INFO - [MZTrain] Epoch 13/80: train_loss=0.042939, val_loss=0.051288, rank=48, time=0.1s, mem=17MB
2026-09-26 11:52:59,271 - mztrain - INFO - [MZTrain] Epoch 14/80: train_loss=0.047585, val_loss=0.045473, rank=48, time=0.2s, mem=17MB
2026-09-26 11:52:59,292 - mztrain - INFO - [MZTrain] ElasticRank ROLLBACK epoch 15: rel_loss_delta=1.85e+02 > 1.00e-03 -> revertido ({'layers_changed': 1, 'slept': 9, 'revived': 0, 'grown': 0, 'pruned': 0}); cooldown 3 epochs
2026-09-26 11:52:59,292 - mztrain - INFO - [MZTrain] ElasticRank epoch 15: {'layers_changed': 1, 'slept': 9, 'revived': 0, 'grown': 0, 'pruned': 0}
2026-09-26 11:52:59,438 - mztrain - INFO - [MZTrain] Epoch 15/80: train_loss=0.041329, val_loss=0.031723, rank=48, time=0.2s, mem=17MB
2026-09-26 11:52:59,580 - mztrain - INFO - [MZTrain] Epoch 16/80: train_loss=0.032106, val_loss=0.028209, rank=48, time=0.1s, mem=17MB
2026-09-26 11:52:59,725 - mztrain - INFO - [MZTrain] Epoch 17/80: train_loss=0.026522, val_loss=0.025054, rank=48, time=0.1s, mem=17MB
2026-09-26 11:52:59,866 - mztrain - INFO - [MZTrain] Epoch 18/80: train_loss=0.025839, val_loss=0.023227, rank=48, time=0.1s, mem=17MB
2026-09-26 11:52:59,888 - mztrain - INFO - [MZTrain] ElasticRank ROLLBACK epoch 19: rel_loss_delta=5.30e+02 > 1.00e-03 -> revertido ({'layers_changed': 1, 'slept': 10, 'revived': 0, 'grown': 0, 'pruned': 0}); cooldown 3 epochs
2026-09-26 11:52:59,888 - mztrain - INFO - [MZTrain] ElasticRank epoch 19: {'layers_changed': 1, 'slept': 10, 'revived': 0, 'grown': 0, 'pruned': 0}
2026-09-26 11:53:00,035 - mztrain - INFO - [MZTrain] Epoch 19/80: train_loss=0.023409, val_loss=0.020816, rank=48, time=0.2s, mem=17MB
2026-09-26 11:53:00,177 - mztrain - INFO - [MZTrain] Epoch 20/80: train_loss=0.020803, val_loss=0.020974, rank=48, time=0.1s, mem=17MB
2026-09-26 11:53:00,323 - mztrain - INFO - [MZTrain] Epoch 21/80: train_loss=0.019637, val_loss=0.020792, rank=48, time=0.1s, mem=17MB
2026-09-26 11:53:00,467 - mztrain - INFO - [MZTrain] Epoch 22/80: train_loss=0.022933, val_loss=0.026170, rank=48, time=0.1s, mem=17MB
2026-09-26 11:53:00,490 - mztrain - INFO - [MZTrain] ElasticRank ROLLBACK epoch 23: rel_loss_delta=5.00e+02 > 1.00e-03 -> revertido ({'layers_changed': 1, 'slept': 10, 'revived': 0, 'grown': 0, 'pruned': 0}); cooldown 3 epochs
2026-09-26 11:53:00,490 - mztrain - INFO - [MZTrain] ElasticRank epoch 23: {'layers_changed': 1, 'slept': 10, 'revived': 0, 'grown': 0, 'pruned': 0}
2026-09-26 11:53:00,636 - mztrain - INFO - [MZTrain] Epoch 23/80: train_loss=0.024350, val_loss=0.022886, rank=48, time=0.2s, mem=17MB
2026-09-26 11:53:00,782 - mztrain - INFO - [MZTrain] Epoch 24/80: train_loss=0.026990, val_loss=0.027298, rank=48, time=0.1s, mem=17MB
2026-09-26 11:53:00,925 - mztrain - INFO - [MZTrain] Epoch 25/80: train_loss=0.027596, val_loss=0.029046, rank=48, time=0.1s, mem=17MB
2026-09-26 11:53:01,071 - mztrain - INFO - [MZTrain] Epoch 26/80: train_loss=0.029508, val_loss=0.028915, rank=48, time=0.1s, mem=17MB
2026-09-26 11:53:01,093 - mztrain - INFO - [MZTrain] ElasticRank ROLLBACK epoch 27: rel_loss_delta=4.37e+02 > 1.00e-03 -> revertido ({'layers_changed': 1, 'slept': 10, 'revived': 0, 'grown': 0, 'pruned': 0}); cooldown 3 epochs
2026-09-26 11:53:01,093 - mztrain - INFO - [MZTrain] ElasticRank epoch 27: {'layers_changed': 1, 'slept': 10, 'revived': 0, 'grown': 0, 'pruned': 0}
2026-09-26 11:53:01,235 - mztrain - INFO - [MZTrain] Epoch 27/80: train_loss=0.029207, val_loss=0.030254, rank=48, time=0.2s, mem=17MB
2026-09-26 11:53:01,388 - mztrain - INFO - [MZTrain] Epoch 28/80: train_loss=0.032790, val_loss=0.033513, rank=48, time=0.2s, mem=17MB
2026-09-26 11:53:01,539 - mztrain - INFO - [MZTrain] Epoch 29/80: train_loss=0.039171, val_loss=0.035728, rank=48, time=0.2s, mem=17MB
2026-09-26 11:53:01,685 - mztrain - INFO - [MZTrain] Epoch 30/80: train_loss=0.037940, val_loss=0.040272, rank=48, time=0.1s, mem=17MB
2026-09-26 11:53:01,707 - mztrain - INFO - [MZTrain] ElasticRank ROLLBACK epoch 31: rel_loss_delta=3.38e+02 > 1.00e-03 -> revertido ({'layers_changed': 1, 'slept': 11, 'revived': 0, 'grown': 0, 'pruned': 0}); cooldown 3 epochs
2026-09-26 11:53:01,707 - mztrain - INFO - [MZTrain] ElasticRank epoch 31: {'layers_changed': 1, 'slept': 11, 'revived': 0, 'grown': 0, 'pruned': 0}
2026-09-26 11:53:01,849 - mztrain - INFO - [MZTrain] Epoch 31/80: train_loss=0.035501, val_loss=0.028335, rank=48, time=0.2s, mem=17MB
2026-09-26 11:53:01,992 - mztrain - INFO - [MZTrain] Epoch 32/80: train_loss=0.025590, val_loss=0.027176, rank=48, time=0.1s, mem=17MB
2026-09-26 11:53:02,138 - mztrain - INFO - [MZTrain] Epoch 33/80: train_loss=0.023065, val_loss=0.022783, rank=48, time=0.1s, mem=17MB
2026-09-26 11:53:02,281 - mztrain - INFO - [MZTrain] Epoch 34/80: train_loss=0.021238, val_loss=0.019487, rank=48, time=0.1s, mem=17MB
2026-09-26 11:53:02,305 - mztrain - INFO - [MZTrain] ElasticRank ROLLBACK epoch 35: rel_loss_delta=8.32e+02 > 1.00e-03 -> revertido ({'layers_changed': 1, 'slept': 14, 'revived': 0, 'grown': 0, 'pruned': 0}); cooldown 3 epochs
2026-09-26 11:53:02,305 - mztrain - INFO - [MZTrain] ElasticRank epoch 35: {'layers_changed': 1, 'slept': 14, 'revived': 0, 'grown': 0, 'pruned': 0}
2026-09-26 11:53:02,448 - mztrain - INFO - [MZTrain] Epoch 35/80: train_loss=0.018141, val_loss=0.016611, rank=48, time=0.2s, mem=17MB
2026-09-26 11:53:02,590 - mztrain - INFO - [MZTrain] Epoch 36/80: train_loss=0.015364, val_loss=0.013429, rank=48, time=0.1s, mem=17MB
2026-09-26 11:53:02,735 - mztrain - INFO - [MZTrain] Epoch 37/80: train_loss=0.015626, val_loss=0.016637, rank=48, time=0.1s, mem=17MB
2026-09-26 11:53:02,878 - mztrain - INFO - [MZTrain] Epoch 38/80: train_loss=0.014681, val_loss=0.014083, rank=48, time=0.1s, mem=17MB
2026-09-26 11:53:02,901 - mztrain - INFO - [MZTrain] ElasticRank ROLLBACK epoch 39: rel_loss_delta=1.40e+03 > 1.00e-03 -> revertido ({'layers_changed': 1, 'slept': 14, 'revived': 0, 'grown': 0, 'pruned': 0}); cooldown 3 epochs
2026-09-26 11:53:02,901 - mztrain - INFO - [MZTrain] ElasticRank epoch 39: {'layers_changed': 1, 'slept': 14, 'revived': 0, 'grown': 0, 'pruned': 0}
2026-09-26 11:53:03,042 - mztrain - INFO - [MZTrain] Epoch 39/80: train_loss=0.013621, val_loss=0.015716, rank=48, time=0.2s, mem=17MB
2026-09-26 11:53:03,185 - mztrain - INFO - [MZTrain] Epoch 40/80: train_loss=0.016045, val_loss=0.015025, rank=48, time=0.1s, mem=17MB
2026-09-26 11:53:03,331 - mztrain - INFO - [MZTrain] Epoch 41/80: train_loss=0.016899, val_loss=0.018143, rank=48, time=0.1s, mem=17MB
2026-09-26 11:53:03,473 - mztrain - INFO - [MZTrain] Epoch 42/80: train_loss=0.015559, val_loss=0.014157, rank=48, time=0.1s, mem=17MB
2026-09-26 11:53:03,497 - mztrain - INFO - [MZTrain] ElasticRank ROLLBACK epoch 43: rel_loss_delta=1.48e+03 > 1.00e-03 -> revertido ({'layers_changed': 1, 'slept': 15, 'revived': 0, 'grown': 0, 'pruned': 0}); cooldown 3 epochs
2026-09-26 11:53:03,497 - mztrain - INFO - [MZTrain] ElasticRank epoch 43: {'layers_changed': 1, 'slept': 15, 'revived': 0, 'grown': 0, 'pruned': 0}
2026-09-26 11:53:03,651 - mztrain - INFO - [MZTrain] Epoch 43/80: train_loss=0.015361, val_loss=0.015301, rank=48, time=0.2s, mem=17MB
2026-09-26 11:53:03,794 - mztrain - INFO - [MZTrain] Epoch 44/80: train_loss=0.015067, val_loss=0.014087, rank=48, time=0.1s, mem=17MB
2026-09-26 11:53:03,939 - mztrain - INFO - [MZTrain] Epoch 45/80: train_loss=0.012320, val_loss=0.011352, rank=48, time=0.1s, mem=17MB
2026-09-26 11:53:04,091 - mztrain - INFO - [MZTrain] Epoch 46/80: train_loss=0.013569, val_loss=0.013475, rank=48, time=0.2s, mem=17MB
2026-09-26 11:53:04,115 - mztrain - INFO - [MZTrain] ElasticRank ROLLBACK epoch 47: rel_loss_delta=1.64e+03 > 1.00e-03 -> revertido ({'layers_changed': 1, 'slept': 16, 'revived': 0, 'grown': 0, 'pruned': 0}); cooldown 3 epochs
2026-09-26 11:53:04,115 - mztrain - INFO - [MZTrain] ElasticRank epoch 47: {'layers_changed': 1, 'slept': 16, 'revived': 0, 'grown': 0, 'pruned': 0}
2026-09-26 11:53:04,259 - mztrain - INFO - [MZTrain] Epoch 47/80: train_loss=0.015288, val_loss=0.016015, rank=48, time=0.2s, mem=17MB
2026-09-26 11:53:04,401 - mztrain - INFO - [MZTrain] Epoch 48/80: train_loss=0.014689, val_loss=0.014194, rank=48, time=0.1s, mem=17MB
2026-09-26 11:53:04,545 - mztrain - INFO - [MZTrain] Epoch 49/80: train_loss=0.012311, val_loss=0.012335, rank=48, time=0.1s, mem=17MB
2026-09-26 11:53:04,690 - mztrain - INFO - [MZTrain] Epoch 50/80: train_loss=0.013028, val_loss=0.013604, rank=48, time=0.1s, mem=17MB
2026-09-26 11:53:04,714 - mztrain - INFO - [MZTrain] ElasticRank ROLLBACK epoch 51: rel_loss_delta=1.82e+03 > 1.00e-03 -> revertido ({'layers_changed': 1, 'slept': 16, 'revived': 0, 'grown': 0, 'pruned': 0}); cooldown 3 epochs
2026-09-26 11:53:04,714 - mztrain - INFO - [MZTrain] ElasticRank epoch 51: {'layers_changed': 1, 'slept': 16, 'revived': 0, 'grown': 0, 'pruned': 0}
2026-09-26 11:53:04,857 - mztrain - INFO - [MZTrain] Epoch 51/80: train_loss=0.014647, val_loss=0.014214, rank=48, time=0.2s, mem=17MB
2026-09-26 11:53:04,999 - mztrain - INFO - [MZTrain] Epoch 52/80: train_loss=0.012678, val_loss=0.012116, rank=48, time=0.1s, mem=17MB
2026-09-26 11:53:05,143 - mztrain - INFO - [MZTrain] Epoch 53/80: train_loss=0.012409, val_loss=0.011970, rank=48, time=0.1s, mem=17MB
2026-09-26 11:53:05,289 - mztrain - INFO - [MZTrain] Epoch 54/80: train_loss=0.012890, val_loss=0.015007, rank=48, time=0.1s, mem=17MB
2026-09-26 11:53:05,313 - mztrain - INFO - [MZTrain] ElasticRank ROLLBACK epoch 55: rel_loss_delta=1.67e+03 > 1.00e-03 -> revertido ({'layers_changed': 1, 'slept': 16, 'revived': 0, 'grown': 0, 'pruned': 0}); cooldown 3 epochs
2026-09-26 11:53:05,313 - mztrain - INFO - [MZTrain] ElasticRank epoch 55: {'layers_changed': 1, 'slept': 16, 'revived': 0, 'grown': 0, 'pruned': 0}
2026-09-26 11:53:05,455 - mztrain - INFO - [MZTrain] Epoch 55/80: train_loss=0.012872, val_loss=0.011938, rank=48, time=0.2s, mem=17MB
2026-09-26 11:53:05,597 - mztrain - INFO - [MZTrain] Epoch 56/80: train_loss=0.010928, val_loss=0.010460, rank=48, time=0.1s, mem=17MB
2026-09-26 11:53:05,741 - mztrain - INFO - [MZTrain] Epoch 57/80: train_loss=0.009417, val_loss=0.008753, rank=48, time=0.1s, mem=17MB
2026-09-26 11:53:05,896 - mztrain - INFO - [MZTrain] Epoch 58/80: train_loss=0.008109, val_loss=0.008156, rank=48, time=0.2s, mem=17MB
2026-09-26 11:53:05,921 - mztrain - INFO - [MZTrain] ElasticRank ROLLBACK epoch 59: rel_loss_delta=3.56e+03 > 1.00e-03 -> revertido ({'layers_changed': 1, 'slept': 17, 'revived': 0, 'grown': 0, 'pruned': 0}); cooldown 3 epochs
2026-09-26 11:53:05,921 - mztrain - INFO - [MZTrain] ElasticRank epoch 59: {'layers_changed': 1, 'slept': 17, 'revived': 0, 'grown': 0, 'pruned': 0}
2026-09-26 11:53:06,063 - mztrain - INFO - [MZTrain] Epoch 59/80: train_loss=0.009061, val_loss=0.010030, rank=48, time=0.2s, mem=17MB
2026-09-26 11:53:06,205 - mztrain - INFO - [MZTrain] Epoch 60/80: train_loss=0.010508, val_loss=0.012172, rank=48, time=0.1s, mem=17MB
2026-09-26 11:53:06,352 - mztrain - INFO - [MZTrain] Epoch 61/80: train_loss=0.011995, val_loss=0.012642, rank=48, time=0.1s, mem=17MB
2026-09-26 11:53:06,495 - mztrain - INFO - [MZTrain] Epoch 62/80: train_loss=0.013016, val_loss=0.013301, rank=48, time=0.1s, mem=17MB
2026-09-26 11:53:06,519 - mztrain - INFO - [MZTrain] ElasticRank ROLLBACK epoch 63: rel_loss_delta=2.16e+03 > 1.00e-03 -> revertido ({'layers_changed': 1, 'slept': 17, 'revived': 0, 'grown': 0, 'pruned': 0}); cooldown 3 epochs
2026-09-26 11:53:06,519 - mztrain - INFO - [MZTrain] ElasticRank epoch 63: {'layers_changed': 1, 'slept': 17, 'revived': 0, 'grown': 0, 'pruned': 0}
2026-09-26 11:53:06,669 - mztrain - INFO - [MZTrain] Epoch 63/80: train_loss=0.014337, val_loss=0.017712, rank=48, time=0.2s, mem=17MB
2026-09-26 11:53:06,827 - mztrain - INFO - [MZTrain] Epoch 64/80: train_loss=0.018859, val_loss=0.019175, rank=48, time=0.2s, mem=17MB
2026-09-26 11:53:06,984 - mztrain - INFO - [MZTrain] Epoch 65/80: train_loss=0.020972, val_loss=0.022171, rank=48, time=0.2s, mem=17MB
2026-09-26 11:53:07,136 - mztrain - INFO - [MZTrain] Epoch 66/80: train_loss=0.018094, val_loss=0.016890, rank=48, time=0.2s, mem=17MB
2026-09-26 11:53:07,164 - mztrain - INFO - [MZTrain] ElasticRank ROLLBACK epoch 67: rel_loss_delta=1.88e+03 > 1.00e-03 -> revertido ({'layers_changed': 1, 'slept': 19, 'revived': 0, 'grown': 0, 'pruned': 0}); cooldown 3 epochs
2026-09-26 11:53:07,164 - mztrain - INFO - [MZTrain] ElasticRank epoch 67: {'layers_changed': 1, 'slept': 19, 'revived': 0, 'grown': 0, 'pruned': 0}
2026-09-26 11:53:07,319 - mztrain - INFO - [MZTrain] Epoch 67/80: train_loss=0.014493, val_loss=0.014448, rank=48, time=0.2s, mem=17MB
2026-09-26 11:53:07,471 - mztrain - INFO - [MZTrain] Epoch 68/80: train_loss=0.014479, val_loss=0.014078, rank=48, time=0.2s, mem=17MB
2026-09-26 11:53:07,622 - mztrain - INFO - [MZTrain] Epoch 69/80: train_loss=0.014194, val_loss=0.016068, rank=48, time=0.2s, mem=17MB
2026-09-26 11:53:07,779 - mztrain - INFO - [MZTrain] Epoch 70/80: train_loss=0.012412, val_loss=0.011512, rank=48, time=0.2s, mem=17MB
2026-09-26 11:53:07,806 - mztrain - INFO - [MZTrain] ElasticRank ROLLBACK epoch 71: rel_loss_delta=3.32e+03 > 1.00e-03 -> revertido ({'layers_changed': 1, 'slept': 20, 'revived': 0, 'grown': 0, 'pruned': 0}); cooldown 3 epochs
2026-09-26 11:53:07,806 - mztrain - INFO - [MZTrain] ElasticRank epoch 71: {'layers_changed': 1, 'slept': 20, 'revived': 0, 'grown': 0, 'pruned': 0}
2026-09-26 11:53:07,958 - mztrain - INFO - [MZTrain] Epoch 71/80: train_loss=0.010622, val_loss=0.009848, rank=48, time=0.2s, mem=17MB
2026-09-26 11:53:08,123 - mztrain - INFO - [MZTrain] Epoch 72/80: train_loss=0.011648, val_loss=0.011228, rank=48, time=0.2s, mem=17MB
2026-09-26 11:53:08,275 - mztrain - INFO - [MZTrain] Epoch 73/80: train_loss=0.010894, val_loss=0.010911, rank=48, time=0.2s, mem=17MB
2026-09-26 11:53:08,428 - mztrain - INFO - [MZTrain] Epoch 74/80: train_loss=0.011562, val_loss=0.010056, rank=48, time=0.2s, mem=17MB
2026-09-26 11:53:08,455 - mztrain - INFO - [MZTrain] ElasticRank ROLLBACK epoch 75: rel_loss_delta=3.42e+03 > 1.00e-03 -> revertido ({'layers_changed': 1, 'slept': 20, 'revived': 0, 'grown': 0, 'pruned': 0}); cooldown 3 epochs
2026-09-26 11:53:08,455 - mztrain - INFO - [MZTrain] ElasticRank epoch 75: {'layers_changed': 1, 'slept': 20, 'revived': 0, 'grown': 0, 'pruned': 0}
2026-09-26 11:53:08,610 - mztrain - INFO - [MZTrain] Epoch 75/80: train_loss=0.010123, val_loss=0.010778, rank=48, time=0.2s, mem=17MB
2026-09-26 11:53:08,762 - mztrain - INFO - [MZTrain] Epoch 76/80: train_loss=0.009795, val_loss=0.009567, rank=48, time=0.2s, mem=17MB
2026-09-26 11:53:08,913 - mztrain - INFO - [MZTrain] Epoch 77/80: train_loss=0.009542, val_loss=0.008976, rank=48, time=0.2s, mem=17MB
2026-09-26 11:53:09,068 - mztrain - INFO - [MZTrain] Epoch 78/80: train_loss=0.008920, val_loss=0.008715, rank=48, time=0.2s, mem=17MB
2026-09-26 11:53:09,095 - mztrain - INFO - [MZTrain] ElasticRank ROLLBACK epoch 79: rel_loss_delta=4.32e+03 > 1.00e-03 -> revertido ({'layers_changed': 1, 'slept': 21, 'revived': 0, 'grown': 0, 'pruned': 0}); cooldown 3 epochs
2026-09-26 11:53:09,095 - mztrain - INFO - [MZTrain] ElasticRank epoch 79: {'layers_changed': 1, 'slept': 21, 'revived': 0, 'grown': 0, 'pruned': 0}
2026-09-26 11:53:09,246 - mztrain - INFO - [MZTrain] Epoch 79/80: train_loss=0.008884, val_loss=0.008572, rank=48, time=0.2s, mem=17MB
2026-09-26 11:53:09,246 - mztrain - INFO - [MZTrain] ========== ENTRENAMIENTO COMPLETO ==========
  Tiempo total:           12.5s (0.2min)
  Mejor loss:             0.008156
  Rango final:            48
  Epochs completados:     80
  Optimizer memory:       {'total_params': 4, 'compressed_params': 0, 'state_memory_mb': 0.1304931640625, 'full_memory_mb': 0.1304931640625, 'memory_saved_pct': 0.0, 'step_count': 32}
  =================================================
D:\mztrain\bench\elastic_bench.py:319: DeprecationWarning: datetime.datetime.utcnow() is deprecated and scheduled for removal in a future version. Use timezone-aware objects to represent datetimes in UTC: datetime.datetime.now(datetime.UTC).
  "timestamp": datetime.utcnow().isoformat() + "Z",
[elastic-bench] device=cuda seed=42 epochs=80 scenario=from_scratch
[elastic-bench] target rank-6, modelo factorizado rank-48 fijo

  baseline (ElasticRank OFF)        done  (9.28s)
  v1 (espectral+actividad)          done  (10.47s)
  v2 (+ redundancia funcional)      done  (12.47s)

==========================================================================
  Metrica                       baseline      v1            v2            
--------------------------------------------------------------------------
  Params activos (final)        16,944        16,944        16,944        
  Reduccion params %            0.0000        0.0000        0.0000        
  Adam state MB (det.)          0.1293        0.1293        0.1293        
  Val R2 (1=perfecto)           0.9998        0.9999        1.0000        
  Val MSE                       0.0422        0.0184        0.0086        
  Wall time (s)                 9.2800        10.4700       12.4700       
==========================================================================
  v1: slept=0 pruned=0 sleeping_now=0 max_coherence_ema=0.0 -> active 16,944 -> 16,944
  v2: slept=0 pruned=0 sleeping_now=0 max_coherence_ema=0.9014 -> active 16,944 -> 16,944

  score-diag capa 0: spectral[min=0.28562 p50=0.60198] -> v1 ciego (ningun spectral<tau): la redundancia funcional es lo unico que dispara v2

[elastic-bench] saved -> D:\mztrain\bench\results\elastic_bench_from_scratch.json
