2026-09-26 11:53:54,088 - mztrain - INFO - [MZTrain] Modelo factorizado: 1 capas reemplazadas, 0 omitidas (< 4096 params)
2026-09-26 11:53:55,410 - mztrain - INFO - [MZTrain Precision] Nivel: standard (solicitado: standard), Device: cuda, SM: 89, FP8: si, BF16: si
2026-09-26 11:53:55,411 - mztrain - INFO - [MZTrain] ========== MODELO FACTORIZADO ==========
  Capas factorizadas:     27
  Params totales:         844,256
  Params (si full):       1,082,064
  Ahorro en pesos:        46.7%
  Rango actual:           48
  Device:                 cuda
  AMP:                    False
  Optimizer compress:     True
  Grad compression:       none
  =============================================
2026-09-26 11:53:55,411 - mztrain - INFO - [MZTrain] Iniciando entrenamiento: 12 epochs, rank 48 -> 48
2026-09-26 11:53:56,915 - mztrain - INFO - [MZTrain] Epoch 0/12: train_loss=6.779432, val_loss=5.772506, rank=48, time=1.5s, mem=97MB
2026-09-26 11:53:58,005 - mztrain - INFO - [MZTrain] Epoch 1/12: train_loss=4.920281, val_loss=4.108664, rank=48, time=1.1s, mem=97MB
2026-09-26 11:53:59,127 - mztrain - INFO - [MZTrain] Epoch 2/12: train_loss=4.017039, val_loss=3.983598, rank=48, time=1.1s, mem=97MB
2026-09-26 11:54:00,197 - mztrain - INFO - [MZTrain] Epoch 3/12: train_loss=4.008177, val_loss=4.000706, rank=48, time=1.1s, mem=97MB
2026-09-26 11:54:01,296 - mztrain - INFO - [MZTrain] Epoch 4/12: train_loss=3.951846, val_loss=4.012718, rank=48, time=1.1s, mem=97MB
2026-09-26 11:54:02,386 - mztrain - INFO - [MZTrain] Epoch 5/12: train_loss=3.947128, val_loss=3.941475, rank=48, time=1.1s, mem=97MB
2026-09-26 11:54:03,457 - mztrain - INFO - [MZTrain] Epoch 6/12: train_loss=3.847357, val_loss=3.868035, rank=48, time=1.1s, mem=97MB
2026-09-26 11:54:04,538 - mztrain - INFO - [MZTrain] Epoch 7/12: train_loss=3.852392, val_loss=3.853689, rank=48, time=1.1s, mem=97MB
2026-09-26 11:54:05,624 - mztrain - INFO - [MZTrain] Epoch 8/12: train_loss=3.784839, val_loss=3.840806, rank=48, time=1.1s, mem=97MB
2026-09-26 11:54:06,770 - mztrain - INFO - [MZTrain] Epoch 9/12: train_loss=3.736937, val_loss=3.836069, rank=48, time=1.1s, mem=97MB
2026-09-26 11:54:07,898 - mztrain - INFO - [MZTrain] Epoch 10/12: train_loss=3.657216, val_loss=3.712940, rank=48, time=1.1s, mem=97MB
2026-09-26 11:54:08,973 - mztrain - INFO - [MZTrain] Epoch 11/12: train_loss=3.662983, val_loss=3.712166, rank=48, time=1.1s, mem=97MB
2026-09-26 11:54:08,973 - mztrain - INFO - [MZTrain] ========== ENTRENAMIENTO COMPLETO ==========
  Tiempo total:           13.6s (0.2min)
  Mejor loss:             3.712166
  Rango final:            48
  Epochs completados:     12
  Optimizer memory:       {'total_params': 127, 'compressed_params': 0, 'state_memory_mb': 6.3460693359375, 'full_memory_mb': 6.3460693359375, 'memory_saved_pct': 0.0, 'step_count': 192}
  =================================================
2026-09-26 11:54:09,166 - mztrain - INFO - [MZTrain] Modelo factorizado: 1 capas reemplazadas, 0 omitidas (< 4096 params)
2026-09-26 11:54:09,177 - mztrain - INFO - [MZTrain Precision] Nivel: standard (solicitado: standard), Device: cuda, SM: 89, FP8: si, BF16: si
2026-09-26 11:54:09,178 - mztrain - INFO - [MZTrain] ========== MODELO FACTORIZADO ==========
  Capas factorizadas:     27
  Params totales:         844,256
  Params (si full):       1,082,064
  Ahorro en pesos:        46.7%
  Rango actual:           48
  Device:                 cuda
  AMP:                    False
  Optimizer compress:     True
  Grad compression:       none
  =============================================
2026-09-26 11:54:09,185 - mztrain - INFO - [MZTrain] Iniciando entrenamiento: 12 epochs, rank 48 -> 48
2026-09-26 11:54:10,415 - mztrain - INFO - [MZTrain] Epoch 0/12: train_loss=6.839405, val_loss=5.753870, rank=48, time=1.2s, mem=97MB
2026-09-26 11:54:11,648 - mztrain - INFO - [MZTrain] Epoch 1/12: train_loss=4.877908, val_loss=4.127508, rank=48, time=1.2s, mem=97MB
2026-09-26 11:54:12,857 - mztrain - INFO - [MZTrain] Epoch 2/12: train_loss=4.100718, val_loss=4.050432, rank=48, time=1.2s, mem=97MB
2026-09-26 11:54:14,056 - mztrain - INFO - [MZTrain] Epoch 3/12: train_loss=4.012914, val_loss=4.038367, rank=48, time=1.2s, mem=97MB
2026-09-26 11:54:15,326 - mztrain - INFO - [MZTrain] Epoch 4/12: train_loss=3.935895, val_loss=3.972154, rank=48, time=1.3s, mem=97MB
2026-09-26 11:54:16,543 - mztrain - INFO - [MZTrain] Epoch 5/12: train_loss=3.897884, val_loss=3.919211, rank=48, time=1.2s, mem=97MB
2026-09-26 11:54:17,740 - mztrain - INFO - [MZTrain] Epoch 6/12: train_loss=3.870542, val_loss=3.872866, rank=48, time=1.2s, mem=97MB
2026-09-26 11:54:18,977 - mztrain - INFO - [MZTrain] Epoch 7/12: train_loss=3.865708, val_loss=3.817045, rank=48, time=1.2s, mem=97MB
2026-09-26 11:54:20,152 - mztrain - INFO - [MZTrain] Epoch 8/12: train_loss=3.818199, val_loss=3.840372, rank=48, time=1.2s, mem=97MB
2026-09-26 11:54:21,388 - mztrain - INFO - [MZTrain] Epoch 9/12: train_loss=3.776016, val_loss=3.861649, rank=48, time=1.2s, mem=97MB
2026-09-26 11:54:22,581 - mztrain - INFO - [MZTrain] Epoch 10/12: train_loss=3.747158, val_loss=3.647678, rank=48, time=1.2s, mem=97MB
2026-09-26 11:54:23,763 - mztrain - INFO - [MZTrain] Epoch 11/12: train_loss=3.718973, val_loss=3.736315, rank=48, time=1.2s, mem=97MB
2026-09-26 11:54:23,763 - mztrain - INFO - [MZTrain] ========== ENTRENAMIENTO COMPLETO ==========
  Tiempo total:           14.6s (0.2min)
  Mejor loss:             3.647678
  Rango final:            48
  Epochs completados:     12
  Optimizer memory:       {'total_params': 127, 'compressed_params': 0, 'state_memory_mb': 6.3460693359375, 'full_memory_mb': 6.3460693359375, 'memory_saved_pct': 0.0, 'step_count': 192}
  =================================================
2026-09-26 11:54:24,027 - mztrain - INFO - [MZTrain] Modelo factorizado: 1 capas reemplazadas, 0 omitidas (< 4096 params)
2026-09-26 11:54:24,041 - mztrain - INFO - [MZTrain Precision] Nivel: standard (solicitado: standard), Device: cuda, SM: 89, FP8: si, BF16: si
2026-09-26 11:54:24,042 - mztrain - INFO - [MZTrain] ========== MODELO FACTORIZADO ==========
  Capas factorizadas:     27
  Params totales:         844,256
  Params (si full):       1,082,064
  Ahorro en pesos:        46.7%
  Rango actual:           48
  Device:                 cuda
  AMP:                    False
  Optimizer compress:     True
  Grad compression:       none
  =============================================
2026-09-26 11:54:24,047 - mztrain - INFO - [MZTrain] Iniciando entrenamiento: 12 epochs, rank 48 -> 48
2026-09-26 11:54:25,387 - mztrain - INFO - [MZTrain] Epoch 0/12: train_loss=6.839405, val_loss=5.753870, rank=48, time=1.3s, mem=97MB
2026-09-26 11:54:26,655 - mztrain - INFO - [MZTrain] Epoch 1/12: train_loss=4.877908, val_loss=4.127508, rank=48, time=1.3s, mem=97MB
2026-09-26 11:54:27,943 - mztrain - INFO - [MZTrain] Epoch 2/12: train_loss=4.100718, val_loss=4.050432, rank=48, time=1.3s, mem=97MB
2026-09-26 11:54:29,198 - mztrain - INFO - [MZTrain] Epoch 3/12: train_loss=4.012914, val_loss=4.038367, rank=48, time=1.3s, mem=97MB
2026-09-26 11:54:30,552 - mztrain - INFO - [MZTrain] Epoch 4/12: train_loss=3.935895, val_loss=3.972154, rank=48, time=1.4s, mem=97MB
2026-09-26 11:54:31,837 - mztrain - INFO - [MZTrain] Epoch 5/12: train_loss=3.897884, val_loss=3.919211, rank=48, time=1.3s, mem=97MB
2026-09-26 11:54:33,113 - mztrain - INFO - [MZTrain] Epoch 6/12: train_loss=3.870542, val_loss=3.872866, rank=48, time=1.3s, mem=97MB
2026-09-26 11:54:34,390 - mztrain - INFO - [MZTrain] Epoch 7/12: train_loss=3.865708, val_loss=3.817045, rank=48, time=1.3s, mem=97MB
2026-09-26 11:54:35,657 - mztrain - INFO - [MZTrain] Epoch 8/12: train_loss=3.818199, val_loss=3.840372, rank=48, time=1.3s, mem=97MB
2026-09-26 11:54:36,982 - mztrain - INFO - [MZTrain] Epoch 9/12: train_loss=3.776016, val_loss=3.861649, rank=48, time=1.3s, mem=97MB
2026-09-26 11:54:38,261 - mztrain - INFO - [MZTrain] Epoch 10/12: train_loss=3.747158, val_loss=3.647678, rank=48, time=1.3s, mem=97MB
2026-09-26 11:54:39,559 - mztrain - INFO - [MZTrain] Epoch 11/12: train_loss=3.718973, val_loss=3.736315, rank=48, time=1.3s, mem=97MB
2026-09-26 11:54:39,559 - mztrain - INFO - [MZTrain] ========== ENTRENAMIENTO COMPLETO ==========
  Tiempo total:           15.5s (0.3min)
  Mejor loss:             3.647678
  Rango final:            48
  Epochs completados:     12
  Optimizer memory:       {'total_params': 127, 'compressed_params': 0, 'state_memory_mb': 6.3460693359375, 'full_memory_mb': 6.3460693359375, 'memory_saved_pct': 0.0, 'step_count': 192}
  =================================================
D:\mztrain\bench\elastic_bench_real.py:409: DeprecationWarning: datetime.datetime.utcnow() is deprecated and scheduled for removal in a future version. Use timezone-aware objects to represent datetimes in UTC: datetime.datetime.now(datetime.UTC).
  "timestamp": datetime.utcnow().isoformat() + "Z",
[real-bench] device=cuda seed=42 epochs=12
[real-bench] ZCodeBERT 4L h128 MLM sobre codigo; rank SOBRE-aprovisionado=48 (small() usa 16)

  baseline (OFF)              done (13.6s)
  v1 (espectral+actividad)    done (14.6s)
  v2 (+ redundancia)          done (15.5s)

==========================================================================
  Metrica                         baseline     v1           v2           
--------------------------------------------------------------------------
  Params entrenables TOTALES      844,256      844,256      844,256      
    reduccion total %             0.0000       0.0000       0.0000       
  Params factorizados             570,384      570,384      570,384      
    reduccion factor %            0.0000       0.0000       0.0000       
  Adam state MB (proxy 2x)        6.4412       6.4412       6.4412       
  Val MLM loss (lower=better)     3.7122       3.7363       3.7363       
  Val MLM accuracy (higher=bet)   0.2239       0.2082       0.2082       
  Wall time (s)                   13.6000      14.6000      15.5000      
==========================================================================
  v1: slept=0 pruned=0 max_coherence=0.0 | trainable 844,256 -> 844,256
  v2: slept=0 pruned=0 max_coherence=0.0742 | trainable 844,256 -> 844,256

  -- DIAGNOSTICO v2 (¿habia redundancia que la metrica vieja se perdia?) --
  bert.encoder.layers.0.attention.q_proj r48: spec=[0.4665, 0.6593, 0.8772, 1.0] upd=[0.6797, 1.0005, 1.3176, 1.5846]
      coh_new=[0.0, 0.0, 0.0001, 0.0003] coh_old=[0.0, 0.0, 0.0, 0.0] | new>0.9=0 old>0.9=0 v1_dead=0
  bert.encoder.layers.0.attention.k_proj r48: spec=[0.5477, 0.6996, 0.8966, 1.0] upd=[0.749, 0.9962, 1.2829, 1.5896]
      coh_new=[0.0, 0.0, 0.0001, 0.0001] coh_old=[0.0, 0.0, 0.0, 0.0] | new>0.9=0 old>0.9=0 v1_dead=0
  bert.encoder.layers.0.attention.v_proj r48: spec=[0.5333, 0.7108, 0.9447, 1.0] upd=[0.5911, 0.9807, 1.4549, 1.7669]
      coh_new=[0.0, 0.0, 0.0, 0.0] coh_old=[0.0, 0.0, 0.0, 0.0] | new>0.9=0 old>0.9=0 v1_dead=0
  bert.encoder.layers.0.attention.out_proj r48: spec=[0.5451, 0.741, 0.9393, 1.0] upd=[0.6528, 1.0063, 1.3937, 1.7518]
      coh_new=[0.0, 0.0, 0.0, 0.0] coh_old=[0.0, 0.0, 0.0, 0.0] | new>0.9=0 old>0.9=0 v1_dead=0
  bert.encoder.layers.0.mlp.0 r48: spec=[0.6782, 0.7868, 0.8995, 1.0] upd=[0.7805, 0.9874, 1.1689, 1.2486]
      coh_new=[0.0, 0.0, 0.0, 0.0] coh_old=[0.0, 0.0, 0.0, 0.0] | new>0.9=0 old>0.9=0 v1_dead=0
  bert.encoder.layers.0.mlp.3 r48: spec=[0.7018, 0.8219, 0.9535, 1.0] upd=[0.8234, 0.9899, 1.2076, 1.4047]
      coh_new=[0.0, 0.0, 0.0, 0.0] coh_old=[0.0, 0.0, 0.0, 0.0] | new>0.9=0 old>0.9=0 v1_dead=0

[real-bench] saved -> D:\mztrain\bench\results\elastic_bench_real.json
