============================================================
MZTrain - Ejemplo Transformer Factorizado
============================================================

Transformer factorizado: 292,344 parametros

--- Entrenamiento manual (3 epochs) ---
  Epoch 0: loss=2.3173
  Epoch 1: loss=2.2114
  Epoch 2: loss=2.1528

--- Crecimiento de rango: 16 -> 32 ---
2026-09-26 12:26:07,564 - mztrain - INFO - ZFactorizedLinear rank: 16 -> 32 (128x128)
2026-09-26 12:26:07,564 - mztrain - INFO - ZFactorizedLinear rank: 16 -> 32 (128x128)
2026-09-26 12:26:07,565 - mztrain - INFO - ZFactorizedLinear rank: 16 -> 32 (128x128)
2026-09-26 12:26:07,565 - mztrain - INFO - ZFactorizedLinear rank: 16 -> 32 (128x128)
2026-09-26 12:26:07,566 - mztrain - INFO - ZFactorizedLinear rank: 16 -> 32 (512x128)
2026-09-26 12:26:07,566 - mztrain - INFO - ZFactorizedLinear rank: 16 -> 32 (128x512)
2026-09-26 12:26:07,566 - mztrain - INFO - ZFactorizedLinear rank: 16 -> 32 (128x128)
2026-09-26 12:26:07,567 - mztrain - INFO - ZFactorizedLinear rank: 16 -> 32 (128x128)
2026-09-26 12:26:07,567 - mztrain - INFO - ZFactorizedLinear rank: 16 -> 32 (128x128)
2026-09-26 12:26:07,567 - mztrain - INFO - ZFactorizedLinear rank: 16 -> 32 (128x128)
2026-09-26 12:26:07,568 - mztrain - INFO - ZFactorizedLinear rank: 16 -> 32 (512x128)
2026-09-26 12:26:07,568 - mztrain - INFO - ZFactorizedLinear rank: 16 -> 32 (128x512)
2026-09-26 12:26:07,569 - mztrain - INFO - ZFactorizedLinear rank: 16 -> 32 (128x128)
2026-09-26 12:26:07,569 - mztrain - INFO - ZFactorizedLinear rank: 16 -> 32 (128x128)
2026-09-26 12:26:07,569 - mztrain - INFO - ZFactorizedLinear rank: 16 -> 32 (128x128)
2026-09-26 12:26:07,570 - mztrain - INFO - ZFactorizedLinear rank: 16 -> 32 (128x128)
2026-09-26 12:26:07,570 - mztrain - INFO - ZFactorizedLinear rank: 16 -> 32 (512x128)
2026-09-26 12:26:07,571 - mztrain - INFO - ZFactorizedLinear rank: 16 -> 32 (128x512)
2026-09-26 12:26:07,571 - mztrain - INFO - ZFactorizedLinear rank: 16 -> 32 (128x128)
2026-09-26 12:26:07,571 - mztrain - INFO - ZFactorizedLinear rank: 16 -> 32 (128x128)
2026-09-26 12:26:07,572 - mztrain - INFO - ZFactorizedLinear rank: 16 -> 32 (128x128)
2026-09-26 12:26:07,572 - mztrain - INFO - ZFactorizedLinear rank: 16 -> 32 (128x128)
2026-09-26 12:26:07,573 - mztrain - INFO - ZFactorizedLinear rank: 16 -> 32 (512x128)
2026-09-26 12:26:07,573 - mztrain - INFO - ZFactorizedLinear rank: 16 -> 32 (128x512)
Parametros despues del crecimiento: 440,184
  Epoch 3: loss=2.0561
  Epoch 4: loss=1.8858
  Epoch 5: loss=1.7168

Ejemplo completado.
