### example_basic :: inicio 18:25:16 :: D:/mztrain/.venv/Scripts/python.exe /d/mztrain/examples/example_basic.py
### example_basic :: exit=0 :: 5s
### example_memory_estim :: inicio 18:25:22 :: D:/mztrain/.venv/Scripts/python.exe /d/mztrain/examples/example_memory_estimation.py
### example_memory_estim :: exit=0 :: 39s
### example_transformer :: inicio 18:26:01 :: D:/mztrain/.venv/Scripts/python.exe /d/mztrain/examples/example_transformer.py
### example_transformer :: exit=0 :: 8s
### example_zcodebert :: inicio 18:26:09 :: D:/mztrain/.venv/Scripts/python.exe /d/mztrain/examples/example_zcodebert.py
### example_zcodebert :: exit=1 :: 3455s
### calc_gpu_params_equiv :: inicio 19:23:45 :: D:/mztrain/.venv/Scripts/python.exe /d/mztrain/scripts/calc_gpu_params_equiv.py
### calc_gpu_params_equiv :: exit=0 :: 0s
### seal_verify :: inicio 19:23:45 :: D:/mztrain/.venv/Scripts/python.exe scripts/seal.py verify
### seal_verify :: exit=1 :: 2s
### generate_game_all :: inicio 19:23:47 :: D:/mztrain/.venv/Scripts/python.exe /d/mztrain/generate_game.py --all --checkpoint /d/mztrain/zcodebert_htmlgames.pt --seed 7
### generate_game_all :: exit=1 :: 10s
### train_zcoder_1b_smoke :: inicio 19:23:58 :: D:/mztrain/.venv/Scripts/python.exe /d/mztrain/scripts/train_zcoder_1b.py --corpus-root /d/mztrain/src --corpus-root /d/mztrain/tests --skip-save
### train_zcoder_1b_smoke :: exit=0 :: 9s
### test_zcoder_410m_full :: inicio 19:24:07 :: D:/mztrain/.venv/Scripts/python.exe scripts/test_zcoder_410m_full.py
### test_zcoder_410m_full :: exit=0 :: 221s
### train_html_games_20min :: inicio 19:27:48 :: D:/mztrain/.venv/Scripts/python.exe /d/mztrain/train_html_games.py
### train_html_games_20min :: exit=1 :: 8s
### analysis_full_1h :: inicio 19:27:56 :: D:/mztrain/.venv/Scripts/python.exe /d/mztrain/analysis_full.py
### analysis_full_1h :: exit=0 :: 4102s
### FIN :: 20:36:18
