[verify] sello: 2026-08-24T15:49:02Z
[verify] merkle esperado : d96de5ebef58e740994e6e6286d2162ba6d92c12a276e6bb663a2124ebf52b22
[verify] merkle actual   : 2b74c9a5db54153e940089517f5f8254c93af8c0bd1b8147ae506783f1d475e4
[verify] file_count esperado : 158
[verify] file_count actual   : 161
[verify] MODIFICADOS (11):
   ~ CHANGELOG.md
   ~ README.md
   ~ bench/results/elastic_bench_from_scratch.json
   ~ bench/results/elastic_bench_guard.json
   ~ bench/results/elastic_bench_real.json
   ~ docs/SPEC-elasticshape-v1.md
   ~ src/mztrain/elastic_shape.py
   ~ src/mztrain/layers.py
   ~ src/mztrain/shape_ops.py
   ~ tests/test_layers.py
   ~ tests/test_shape_ops.py
[verify] AGREGADOS (3):
   + bench/results/post_peritaje_20260926.json
   + docs/ELASTICSHAPE-SAFETY.md
   + tests/test_elastic_shape_safety.py
[verify] firma Ed25519 valida (clave de confianza).
[verify] FAIL: la obra NO coincide con el sello.
